2026-05-05 10:25:30,255 [INFO] app.main: Initializing Smart Campus Assistant API...
2026-05-05 14:20:18,351 [INFO] app.admin: Stats request from user 2 (Role: admin)
2026-05-05 14:20:18,362 [INFO] app.admin: Fetching stats for department: 123
2026-05-05 15:11:58,821 [INFO] app.main: Initializing Smart Campus Assistant API...
2026-05-05 15:15:14,039 [INFO] app.admin: Stats request from user 2 (Role: admin)
2026-05-05 15:15:14,041 [INFO] app.admin: Fetching stats for department: 123
2026-05-05 15:18:59,354 [INFO] app.admin: Stats request from user 2 (Role: admin)
2026-05-05 15:18:59,364 [INFO] app.admin: Fetching stats for department: 123
2026-05-05 15:23:30,324 [INFO] app.main: Initializing Smart Campus Assistant API...
2026-05-05 15:35:34,960 [INFO] app.main: Initializing Smart Campus Assistant API...
2026-05-05 15:37:05,966 [INFO] app.admin: Stats request from user 2 (Role: admin)
2026-05-05 15:37:05,969 [INFO] app.admin: Fetching stats for department: 123
2026-05-05 15:37:52,527 [INFO] app.admin: Stats request from user 2 (Role: admin)
2026-05-05 15:37:52,531 [INFO] app.admin: Fetching stats for department: 123
2026-05-05 15:40:43,970 [INFO] app.main: Initializing Smart Campus Assistant API...
2026-05-05 15:50:32,426 [INFO] app.admin: Stats request from user 2 (Role: admin)
2026-05-05 15:50:32,432 [INFO] app.admin: Fetching stats for department: 123
2026-05-05 15:51:35,316 [INFO] app.timetable: Timetable slot creation request: Class 1, Subject 3, Faculty 2 on Monday
2026-05-05 15:51:35,325 [INFO] app.timetable: Timetable conflict blocked: Faculty 2 already in 1st Year Sec A
2026-05-05 15:51:40,503 [INFO] app.timetable: Timetable slot creation request: Class 1, Subject 3, Faculty 2 on Monday
2026-05-05 15:51:40,513 [INFO] app.timetable: Timetable conflict blocked: Faculty 2 already in 1st Year Sec B
2026-05-05 15:51:45,980 [INFO] app.timetable: Timetable slot creation request: Class 1, Subject 3, Faculty 2 on Monday
2026-05-05 15:51:46,006 [INFO] app.timetable: Slot 4 created successfully for 123 Monday
2026-05-05 23:34:08,192 [INFO] app.main: Initializing Smart Campus Assistant API...
2026-05-05 23:35:10,966 [INFO] app.attendance: Session start request: Class 1, Subject 3
2026-05-05 23:35:10,973 [INFO] app.attendance: New session 1 started by faculty 2 for class 1
2026-05-05 23:35:17,209 [INFO] app.attendance: Session start request: Class 1, Subject 3
2026-05-05 23:35:17,210 [INFO] app.attendance: Rejoining existing active session 1
2026-05-05 23:35:20,250 [INFO] app.attendance: Token refreshed for session 1
2026-05-05 23:35:23,254 [INFO] app.attendance: Token refreshed for session 1
2026-05-05 23:35:26,245 [INFO] app.attendance: Token refreshed for session 1
2026-05-05 23:35:29,249 [INFO] app.attendance: Token refreshed for session 1
2026-05-05 23:35:39,745 [INFO] app.attendance: Session 1 ended with 0 records
2026-05-07 23:36:37,716 [INFO] app.main: Initializing Smart Campus Assistant API...
2026-05-07 23:50:36,005 [INFO] app.main: Initializing Smart Campus Assistant API...
2026-05-08 22:23:21,849 [INFO] app.main: Initializing Smart Campus Assistant API...
2026-05-08 22:24:03,831 [INFO] app.main: Initializing Smart Campus Assistant API...
2026-05-08 22:25:53,709 [INFO] app.main: Initializing Smart Campus Assistant API...
2026-05-08 22:45:09,618 [INFO] app.main: Initializing Smart Campus Assistant API...
2026-05-08 22:57:10,929 [INFO] app.main: Initializing Smart Campus Assistant API...
2026-05-08 23:00:21,866 [INFO] app.main: Initializing Smart Campus Assistant API...
2026-05-08 23:01:24,857 [INFO] app.main: Initializing Smart Campus Assistant API...
2026-05-09 09:30:25,032 [INFO] app.main: Initializing Smart Campus Assistant API...
2026-05-09 09:35:13,049 [INFO] app.main: Initializing Smart Campus Assistant API...
2026-05-09 09:37:07,865 [INFO] app.main: Initializing Smart Campus Assistant API...
2026-05-09 09:41:04,979 [INFO] app.main: Initializing Smart Campus Assistant API...
2026-05-09 10:54:24,495 [INFO] app.main: Initializing Smart Campus Assistant API...
2026-05-09 21:39:20,027 [INFO] app.main: Initializing Smart Campus Assistant API...
